     1                                  [org 0x0100]
     2                                  
     3 00000000 31C0                    xor ax,ax
     4                                  
     5 00000002 BB[1F00]                mov bx,num1
     6                                  
     7 00000005 0227                    add ah,[bx]
     8 00000007 80C702                  add bh,2
     9                                  
    10 0000000A 026701                  add ah,[bx+1]
    11 0000000D 80C702                  add bh,2
    12                                  
    13 00000010 026702                  add ah,[bx+2]
    14 00000013 80C702                  add bh,2
    15                                  
    16 00000016 883E[2200]              mov [result],bh
    17 0000001A B8004C                  mov ax,0x4c00
    18 0000001D CD21                    int 0x21
    19                                  
    20 0000001F 050A0F                  num1: db  5,10,15
    21 00000022 0000                    result: dw  0
